// Jest Snapshot v1, https://goo.gl/fbAQLP

exports[`navbar matches the snapshot 1`] = `
<nav>
  <ul>
    <li>
      one
    </li>
    <li>
      two
    </li>
    <li>
      three
    </li>
    <li>
      four
    </li>
  </ul>
</nav>
`;
