// Jest Snapshot v1, https://goo.gl/fbAQLP

exports[`Navbar component snapshot 1`] = `
<nav>
  <li>
    Home
  </li>
  <li>
    About
  </li>
</nav>
`;
